#
# There is insufficient memory for the Java Runtime Environment to continue.
# Native memory allocation (mmap) failed to map 394264576 bytes. Error detail: G1 virtual space
# Possible reasons:
#   The system is out of physical RAM or swap space
#   This process is running with CompressedOops enabled, and the Java Heap may be blocking the growth of the native heap
# Possible solutions:
#   Reduce memory load on the system
#   Increase physical memory or swap space
#   Check if swap backing store is full
#   Decrease Java heap size (-Xmx/-Xms)
#   Decrease number of Java threads
#   Decrease Java thread stack sizes (-Xss)
#   Set larger code cache with -XX:ReservedCodeCacheSize=
#   JVM is running with Zero Based Compressed Oops mode in which the Java heap is
#     placed in the first 32GB address space. The Java Heap base address is the
#     maximum limit for the native heap growth. Please use -XX:HeapBaseMinAddress
#     to set the Java Heap base and to place the Java Heap above 32GB virtual address.
# This output file may be truncated or incomplete.
#
#  Out of Memory Error (os_windows.cpp:3554), pid=33300, tid=2860
#
# JRE version:  (25.0.3+9) (build )
# Java VM: Java HotSpot(TM) 64-Bit Server VM (25.0.3+9-LTS-195, mixed mode, sharing, tiered, compressed oops, compressed class ptrs, g1 gc, windows-amd64)
# No core dump will be written. Minidumps are not enabled by default on client versions of Windows
#

---------------  S U M M A R Y ------------

Command Line: PresentacionProgramaBloqueo.frmPantallaBloqueo

Host: AMD Ryzen 7 4800H with Radeon Graphics         , 16 cores, 23G,  Windows 11 , 64 bit Build 26100 (10.0.26100.8328)
Time: Sun Jun 14 23:21:49 2026 Hora estándar Montañas, EE.UU. elapsed time: 0.012528 seconds (0d 0h 0m 0s)

---------------  T H R E A D  ---------------

Current thread (0x0000020c6ab20c60):  JavaThread "Unknown thread" [_thread_in_vm, id=2860, stack(0x000000a923f00000,0x000000a924000000) (1024K)]

Stack: [0x000000a923f00000,0x000000a924000000]
Native frames: (J=compiled Java code, j=interpreted, Vv=VM code, C=native code)
V  [jvm.dll+0x7a7d69]  (no source info available)
V  [jvm.dll+0x7739dd]  (no source info available)
V  [jvm.dll+0x9669f3]  (no source info available)
V  [jvm.dll+0x968ff1]  (no source info available)
V  [jvm.dll+0x969703]  (no source info available)
V  [jvm.dll+0x2fc9e6]  (no source info available)
V  [jvm.dll+0x7a3f95]  (no source info available)
V  [jvm.dll+0x7973a7]  (no source info available)
V  [jvm.dll+0x3f4e38]  (no source info available)
V  [jvm.dll+0x3fcd86]  (no source info available)
V  [jvm.dll+0x3e942e]  (no source info available)
V  [jvm.dll+0x3e96e8]  (no source info available)
V  [jvm.dll+0x3c0435]  (no source info available)
V  [jvm.dll+0x3c10be]  (no source info available)
V  [jvm.dll+0x92da97]  (no source info available)
V  [jvm.dll+0x4593d2]  (no source info available)
V  [jvm.dll+0x911442]  (no source info available)
V  [jvm.dll+0x4f9ef1]  (no source info available)
V  [jvm.dll+0x4fb781]  (no source info available)
C  [jli.dll+0x543e]  (no source info available)
C  [ucrtbase.dll+0x37b0]  (no source info available)
C  [KERNEL32.DLL+0x2e957]  (no source info available)
C  [ntdll.dll+0x427c]  (no source info available)

Lock stack of current Java thread (top to bottom):


---------------  P R O C E S S  ---------------

Threads class SMR info:
_java_thread_list=0x00007ffb3f416388, length=0, elements={
}

Java Threads: ( => current thread )
Total: 0

Other Threads:
  0x0000020c6adb9dd0 WorkerThread "GC Thread#0"                     [id=37780, stack(0x000000a924000000,0x000000a924100000) (1024K)]
  0x0000020c6adcc7a0 ConcurrentGCThread "G1 Main Marker"            [id=19432, stack(0x000000a924100000,0x000000a924200000) (1024K)]
  0x0000020c6adcd340 WorkerThread "G1 Conc#0"                       [id=5396, stack(0x000000a924200000,0x000000a924300000) (1024K)]

[error occurred during error reporting (printing all threads), id 0xc0000005, EXCEPTION_ACCESS_VIOLATION (0xc0000005) at pc=0x00007ffb3eaf53da]
VM state: not at safepoint (not fully initialized)

VM Mutex/Monitor currently owned by a thread:  ([mutex/lock_event])
[0x00007ffb3f49a788] Heap_lock - owner thread: 0x0000020c6ab20c60

Heap address: 0x0000000689400000, size: 5996 MB, Compressed Oops mode: Zero based, Oop shift amount: 3

CDS archive(s) mapped at: [0x0000000000000000-0x0000000000000000-0x0000000000000000), size 0, SharedBaseAddress: 0x0000000800000000, ArchiveRelocationMode: 1.
UseCompressedClassPointers 1, UseCompactObjectHeaders 0
Narrow klass pointer bits 32, Max shift 3
Narrow klass base: 0xffffffffffffffff, Narrow klass shift: -1
Encoding Range: [0xffffffffffffffff - 0x000000007fffffff), (2147483648 bytes)
Klass Range:    [0x0000000000000000 - 0x0000000000000000), (0 bytes)
Klass ID Range:  [4294967295 - 0) (1)
No protection zone.

GC Precious Log:
 CardTable entry size: 512
 Card Set container configuration: InlinePtr #cards 4 size 8 Array Of Cards #cards 32 size 80 Howl #buckets 8 coarsen threshold 7372 Howl Bitmap #cards 1024 size 144 coarsen threshold 921 Card regions per heap region 1 cards per card region 8192

Heap:
 garbage-first heap   total reserved 6139904K, committed 0K, used 0K [0x0000000689400000, 0x0000000800000000)
  region size 4096K, 0 young (0K), 0 survivors (0K)

Heap Regions: E=young(eden), S=young(survivor), O=old, HS=humongous(starts), HC=humongous(continues), CS=collection set, F=free, TAMS=top-at-mark-start, PB=parsable bottom

Card table byte_map: [0x0000020c76a70000,0x0000020c77630000] _byte_map_base: 0x0000020c73626000

Marking Bits: (CMBitMap*) 0x0000020c6adba560
 Bits: [0x0000020c77630000, 0x0000020c7d3e0000)

GC Heap Usage History (0 events):
No events

Metaspace Usage History (0 events):
No events

Dll operation events (1 events):
Event: 0.008 Loaded shared library C:\Program Files\Java\jdk-25.0.3\bin\java.dll

Deoptimization events (0 events):
No events

Classes loaded (0 events):
No events

Classes unloaded (0 events):
No events

Classes redefined (0 events):
No events

Internal exceptions (0 events):
No events

VM Operations (0 events):
No events

Memory protections (0 events):
No events

Nmethod flushes (0 events):
No events

Events (0 events):
No events


Dynamic libraries:
0x00007ff7bf200000 - 0x00007ff7bf210000 	C:\Program Files\Java\jdk-25.0.3\bin\java.exe
0x00007ffcc5520000 - 0x00007ffcc5787000 	C:\WINDOWS\SYSTEM32\ntdll.dll
0x00007ffcc33b0000 - 0x00007ffcc3479000 	C:\WINDOWS\System32\KERNEL32.DLL
0x00007ffcc2ea0000 - 0x00007ffcc3297000 	C:\WINDOWS\System32\KERNELBASE.dll
0x00007ffcc1f80000 - 0x00007ffcc20cb000 	C:\WINDOWS\System32\ucrtbase.dll
0x00007ffcbb7d0000 - 0x00007ffcbb7ee000 	C:\Program Files\Java\jdk-25.0.3\bin\VCRUNTIME140.dll
0x00007ffcb75e0000 - 0x00007ffcb75f7000 	C:\Program Files\Java\jdk-25.0.3\bin\jli.dll
0x00007ffcc4d80000 - 0x00007ffcc4f46000 	C:\WINDOWS\System32\USER32.dll
0x00007ffcc1f50000 - 0x00007ffcc1f77000 	C:\WINDOWS\System32\win32u.dll
0x00007ffcc3fe0000 - 0x00007ffcc400b000 	C:\WINDOWS\System32\GDI32.dll
0x00007ffcac120000 - 0x00007ffcac3b2000 	C:\WINDOWS\WinSxS\amd64_microsoft.windows.common-controls_6595b64144ccf1df_6.0.26100.8457_none_3e0b2faee331e92d\COMCTL32.dll
0x00007ffcc2500000 - 0x00007ffcc262c000 	C:\WINDOWS\System32\gdi32full.dll
0x00007ffcc2310000 - 0x00007ffcc23b3000 	C:\WINDOWS\System32\msvcp_win.dll
0x00007ffcc3b40000 - 0x00007ffcc3be9000 	C:\WINDOWS\System32\msvcrt.dll
0x00007ffcc45c0000 - 0x00007ffcc45f2000 	C:\WINDOWS\System32\IMM32.DLL
0x00007ffcbd700000 - 0x00007ffcbd70c000 	C:\Program Files\Java\jdk-25.0.3\bin\vcruntime140_1.dll
0x00007ffc99230000 - 0x00007ffc992bd000 	C:\Program Files\Java\jdk-25.0.3\bin\msvcp140.dll
0x00007ffb3e720000 - 0x00007ffb3f580000 	C:\Program Files\Java\jdk-25.0.3\bin\server\jvm.dll
0x00007ffcc5220000 - 0x00007ffcc52d6000 	C:\WINDOWS\System32\ADVAPI32.dll
0x00007ffcc4010000 - 0x00007ffcc40b7000 	C:\WINDOWS\System32\sechost.dll
0x00007ffcc3480000 - 0x00007ffcc3598000 	C:\WINDOWS\System32\RPCRT4.dll
0x00007ffcc3c20000 - 0x00007ffcc3ca0000 	C:\WINDOWS\System32\WS2_32.dll
0x00007ffcc1db0000 - 0x00007ffcc1e0e000 	C:\WINDOWS\SYSTEM32\POWRPROF.dll
0x00007ffcbac00000 - 0x00007ffcbac36000 	C:\WINDOWS\SYSTEM32\WINMM.dll
0x00007ffcbac40000 - 0x00007ffcbac4b000 	C:\WINDOWS\SYSTEM32\VERSION.dll
0x00007ffcc1d90000 - 0x00007ffcc1da4000 	C:\WINDOWS\SYSTEM32\UMPDC.dll
0x00007ffcc0ce0000 - 0x00007ffcc0cfb000 	C:\WINDOWS\SYSTEM32\kernel.appcore.dll
0x00007ffcbd620000 - 0x00007ffcbd62a000 	C:\Program Files\Java\jdk-25.0.3\bin\jimage.dll
0x00007ffcb5f30000 - 0x00007ffcb6172000 	C:\WINDOWS\SYSTEM32\DBGHELP.DLL
0x00007ffcc3790000 - 0x00007ffcc3b13000 	C:\WINDOWS\System32\combase.dll
0x00007ffcc3e40000 - 0x00007ffcc3f19000 	C:\WINDOWS\System32\OLEAUT32.dll
0x00007ffcabac0000 - 0x00007ffcabafb000 	C:\WINDOWS\SYSTEM32\dbgcore.DLL
0x00007ffcc23c0000 - 0x00007ffcc2468000 	C:\WINDOWS\System32\bcryptPrimitives.dll
0x00007ffcb7640000 - 0x00007ffcb765f000 	C:\Program Files\Java\jdk-25.0.3\bin\java.dll
0x00007ffcc5340000 - 0x00007ffcc54d7000 	C:\WINDOWS\System32\ole32.dll
0x00007ffcc4600000 - 0x00007ffcc4d6e000 	C:\WINDOWS\System32\SHELL32.dll

JVMTI agents: none

dbghelp: loaded successfully - version: 4.0.5 - missing functions: none
symbol engine: initialized successfully - sym options: 0x614 - pdb path: .;C:\Program Files\Java\jdk-25.0.3\bin;C:\WINDOWS\SYSTEM32;C:\WINDOWS\WinSxS\amd64_microsoft.windows.common-controls_6595b64144ccf1df_6.0.26100.8457_none_3e0b2faee331e92d;C:\Program Files\Java\jdk-25.0.3\bin\server

VM Arguments:
java_command: PresentacionProgramaBloqueo.frmPantallaBloqueo
java_class_path (initial): C:\Users\user\OneDrive\Documentos\GitHub\Proyecto01BDA_00000262804_00000262732_00000262812\ControlLaboratorioComputo_00000262804_00000262812_00000262732\target\classes;C:\Users\user\.m2\repository\com\mysql\mysql-connector-j\9.3.0\mysql-connector-j-9.3.0.jar;C:\Users\user\.m2\repository\com\google\protobuf\protobuf-java\4.29.0\protobuf-java-4.29.0.jar
Launcher Type: SUN_STANDARD

[Global flags]
     intx CICompilerCount                          = 12                                        {product} {ergonomic}
     uint ConcGCThreads                            = 3                                         {product} {ergonomic}
     uint G1ConcRefinementThreads                  = 13                                        {product} {ergonomic}
   size_t G1HeapRegionSize                         = 4194304                                   {product} {ergonomic}
   size_t InitialHeapSize                          = 394264576                                 {product} {ergonomic}
   size_t MarkStackSize                            = 4194304                                   {product} {ergonomic}
   size_t MarkStackSizeMax                         = 536870912                                 {product} {ergonomic}
   size_t MaxHeapSize                              = 6287261696                                {product} {ergonomic}
   size_t MinHeapDeltaBytes                        = 4194304                                   {product} {ergonomic}
   size_t MinHeapSize                              = 8388608                                   {product} {ergonomic}
    uintx NonNMethodCodeHeapSize                   = 7602176                                {pd product} {ergonomic}
    uintx NonProfiledCodeHeapSize                  = 122093568                              {pd product} {ergonomic}
    uintx ProfiledCodeHeapSize                     = 121962496                              {pd product} {ergonomic}
    uintx ReservedCodeCacheSize                    = 251658240                              {pd product} {ergonomic}
     bool SegmentedCodeCache                       = true                                      {product} {ergonomic}
   size_t SoftMaxHeapSize                          = 6287261696                             {manageable} {ergonomic}
     bool UseCompressedOops                        = true                           {product lp64_product} {ergonomic}
     bool UseG1GC                                  = true                                      {product} {ergonomic}
     bool UseLargePagesIndividualAllocation        = false                                  {pd product} {ergonomic}

Logging:
Log output configuration:
 #0: stdout all=warning uptime,level,tags foldmultilines=false
 #1: stderr all=off uptime,level,tags foldmultilines=false

Release file:
<release file has not been read>
Environment Variables:
JAVA_HOME=C:\Program Files\Java\jdk-25.0.3
PATH=C:\Program Files\Common Files\Oracle\Java\javapath;C:\Windows\system32;C:\Windows;C:\Windows\System32\Wbem;C:\Windows\System32\WindowsPowerShell\v1.0\;C:\Windows\System32\OpenSSH\;C:\Program Files (x86)\NVIDIA Corporation\PhysX\Common;C:\Program Files\dotnet\;C:\WINDOWS\system32;C:\WINDOWS;C:\WINDOWS\System32\Wbem;C:\WINDOWS\System32\WindowsPowerShell\v1.0\;C:\WINDOWS\System32\OpenSSH\;C:\Program Files\NVIDIA Corporation\NVIDIA app\NvDLISR;C:\Program Files\Git\cmd;C:\Program Files\nodejs\;C:\Program Files\MySQL\MySQL Shell 8.0\bin\;C:\Users\user\.local\bin;C:\Users\user\AppData\Local\Microsoft\WindowsApps;C:\Users\user\AppData\Local\Programs\Microsoft VS Code\bin;C:\Users\user\AppData\Roaming\npm;C:\Program Files\JetBrains\PyCharm 2026.1.2\bin;C:\Users\user\AppData\Local\GitHubDesktop\bin;C:\Users\user\Downloads\netbeans-29-bin\netbeans\bin\
USERNAME=user
OS=Windows_NT
PROCESSOR_IDENTIFIER=AMD64 Family 23 Model 96 Stepping 1, AuthenticAMD
TMP=C:\Users\user\AppData\Local\Temp
TEMP=C:\Users\user\AppData\Local\Temp




Compilation memory statistics disabled.

Periodic native trim disabled

---------------  S Y S T E M  ---------------

OS:
 Windows 11 , 64 bit Build 26100 (10.0.26100.8328)
OS uptime: 5 days 3:59 hours
Hyper-V role detected

CPU: total 16 (initial active 16) (16 cores per cpu, 2 threads per core) family 23 model 96 stepping 1 microcode 0x8600104, cx8, cmov, fxsr, ht, mmx, 3dnowpref, sse, sse2, sse3, ssse3, sse4a, sse4.1, sse4.2, popcnt, lzcnt, tsc, tscinvbit, avx, avx2, aes, clmul, bmi1, bmi2, adx, sha, fma, vzeroupper, clflush, clflushopt, clwb, hv, rdtscp, rdpid, f16c
Processor Information for the first 16 processors :
  Max Mhz: 2900, Current Mhz: 2900, Mhz Limit: 2900

Memory: 4k page, system-wide physical 23981M (8480M free)
TotalPageFile size 30983M (AvailPageFile size 231M)
current process WorkingSet (physical memory assigned to process): 14M, peak: 14M
current process commit charge ("private bytes"): 71M, peak: 447M

vm_info: Java HotSpot(TM) 64-Bit Server VM (25.0.3+9-LTS-195) for windows-amd64 JRE (25.0.3+9-LTS-195), built on 2026-03-11T00:20:00Z with MS VC++ 17.13 (VS2022)

END.
